/media/zhang/新加卷/wc/test/new-dianji/PC-test/gait_control_ws/install/gait_control_system/lib/python3.10/site-packages/gait_control_system/adaptive_oscillator_estimator.py
/media/zhang/新加卷/wc/test/new-dianji/PC-test/gait_control_ws/install/gait_control_system/lib/python3.10/site-packages/gait_control_system/bluetooth_server.py
/media/zhang/新加卷/wc/test/new-dianji/PC-test/gait_control_ws/install/gait_control_system/lib/python3.10/site-packages/gait_control_system/can_utils.py
/media/zhang/新加卷/wc/test/new-dianji/PC-test/gait_control_ws/install/gait_control_system/lib/python3.10/site-packages/gait_control_system/gait_constants.py
/media/zhang/新加卷/wc/test/new-dianji/PC-test/gait_control_ws/install/gait_control_system/lib/python3.10/site-packages/gait_control_system/imu_cycling_toggle_detector.py
/media/zhang/新加卷/wc/test/new-dianji/PC-test/gait_control_ws/install/gait_control_system/lib/python3.10/site-packages/gait_control_system/imu_model_start_stop_detector.py
/media/zhang/新加卷/wc/test/new-dianji/PC-test/gait_control_ws/install/gait_control_system/lib/python3.10/site-packages/gait_control_system/last3_optimized.py
/media/zhang/新加卷/wc/test/new-dianji/PC-test/gait_control_ws/install/gait_control_system/lib/python3.10/site-packages/gait_control_system/motion_mode_defaults.py
/media/zhang/新加卷/wc/test/new-dianji/PC-test/gait_control_ws/install/gait_control_system/lib/python3.10/site-packages/gait_control_system/motor_controller.py
/media/zhang/新加卷/wc/test/new-dianji/PC-test/gait_control_ws/install/gait_control_system/lib/python3.10/site-packages/gait_control_system/phase_bias_fitting.py
/media/zhang/新加卷/wc/test/new-dianji/PC-test/gait_control_ws/install/gait_control_system/lib/python3.10/site-packages/gait_control_system/real_time_gait_analysis.py
/media/zhang/新加卷/wc/test/new-dianji/PC-test/gait_control_ws/install/gait_control_system/lib/python3.10/site-packages/gait_control_system/test_mode_phase_helper.py
/media/zhang/新加卷/wc/test/new-dianji/PC-test/gait_control_ws/install/gait_control_system/lib/python3.10/site-packages/gait_control_system/__init__.py
/media/zhang/新加卷/wc/test/new-dianji/PC-test/gait_control_ws/install/gait_control_system/lib/python3.10/site-packages/gait_control_system/__pycache__/adaptive_oscillator_estimator.cpython-310.pyc
/media/zhang/新加卷/wc/test/new-dianji/PC-test/gait_control_ws/install/gait_control_system/lib/python3.10/site-packages/gait_control_system/__pycache__/bluetooth_server.cpython-310.pyc
/media/zhang/新加卷/wc/test/new-dianji/PC-test/gait_control_ws/install/gait_control_system/lib/python3.10/site-packages/gait_control_system/__pycache__/can_utils.cpython-310.pyc
/media/zhang/新加卷/wc/test/new-dianji/PC-test/gait_control_ws/install/gait_control_system/lib/python3.10/site-packages/gait_control_system/__pycache__/gait_constants.cpython-310.pyc
/media/zhang/新加卷/wc/test/new-dianji/PC-test/gait_control_ws/install/gait_control_system/lib/python3.10/site-packages/gait_control_system/__pycache__/imu_cycling_toggle_detector.cpython-310.pyc
/media/zhang/新加卷/wc/test/new-dianji/PC-test/gait_control_ws/install/gait_control_system/lib/python3.10/site-packages/gait_control_system/__pycache__/imu_model_start_stop_detector.cpython-310.pyc
/media/zhang/新加卷/wc/test/new-dianji/PC-test/gait_control_ws/install/gait_control_system/lib/python3.10/site-packages/gait_control_system/__pycache__/last3_optimized.cpython-310.pyc
/media/zhang/新加卷/wc/test/new-dianji/PC-test/gait_control_ws/install/gait_control_system/lib/python3.10/site-packages/gait_control_system/__pycache__/motion_mode_defaults.cpython-310.pyc
/media/zhang/新加卷/wc/test/new-dianji/PC-test/gait_control_ws/install/gait_control_system/lib/python3.10/site-packages/gait_control_system/__pycache__/motor_controller.cpython-310.pyc
/media/zhang/新加卷/wc/test/new-dianji/PC-test/gait_control_ws/install/gait_control_system/lib/python3.10/site-packages/gait_control_system/__pycache__/phase_bias_fitting.cpython-310.pyc
/media/zhang/新加卷/wc/test/new-dianji/PC-test/gait_control_ws/install/gait_control_system/lib/python3.10/site-packages/gait_control_system/__pycache__/real_time_gait_analysis.cpython-310.pyc
/media/zhang/新加卷/wc/test/new-dianji/PC-test/gait_control_ws/install/gait_control_system/lib/python3.10/site-packages/gait_control_system/__pycache__/test_mode_phase_helper.cpython-310.pyc
/media/zhang/新加卷/wc/test/new-dianji/PC-test/gait_control_ws/install/gait_control_system/lib/python3.10/site-packages/gait_control_system/__pycache__/__init__.cpython-310.pyc
/media/zhang/新加卷/wc/test/new-dianji/PC-test/gait_control_ws/install/gait_control_system/share/ament_index/resource_index/packages/gait_control_system
/media/zhang/新加卷/wc/test/new-dianji/PC-test/gait_control_ws/install/gait_control_system/share/gait_control_system/package.xml
/media/zhang/新加卷/wc/test/new-dianji/PC-test/gait_control_ws/install/gait_control_system/share/gait_control_system/launch/gait_control_launch.py
/media/zhang/新加卷/wc/test/new-dianji/PC-test/gait_control_ws/install/gait_control_system/share/gait_control_system/config/gait_parameters.yaml
/media/zhang/新加卷/wc/test/new-dianji/PC-test/gait_control_ws/install/gait_control_system/lib/python3.10/site-packages/gait_control_system-1.0.0-py3.10.egg-info/dependency_links.txt
/media/zhang/新加卷/wc/test/new-dianji/PC-test/gait_control_ws/install/gait_control_system/lib/python3.10/site-packages/gait_control_system-1.0.0-py3.10.egg-info/entry_points.txt
/media/zhang/新加卷/wc/test/new-dianji/PC-test/gait_control_ws/install/gait_control_system/lib/python3.10/site-packages/gait_control_system-1.0.0-py3.10.egg-info/PKG-INFO
/media/zhang/新加卷/wc/test/new-dianji/PC-test/gait_control_ws/install/gait_control_system/lib/python3.10/site-packages/gait_control_system-1.0.0-py3.10.egg-info/requires.txt
/media/zhang/新加卷/wc/test/new-dianji/PC-test/gait_control_ws/install/gait_control_system/lib/python3.10/site-packages/gait_control_system-1.0.0-py3.10.egg-info/SOURCES.txt
/media/zhang/新加卷/wc/test/new-dianji/PC-test/gait_control_ws/install/gait_control_system/lib/python3.10/site-packages/gait_control_system-1.0.0-py3.10.egg-info/top_level.txt
/media/zhang/新加卷/wc/test/new-dianji/PC-test/gait_control_ws/install/gait_control_system/lib/python3.10/site-packages/gait_control_system-1.0.0-py3.10.egg-info/zip-safe
/media/zhang/新加卷/wc/test/new-dianji/PC-test/gait_control_ws/install/gait_control_system/lib/gait_control_system/gait_control_node
/media/zhang/新加卷/wc/test/new-dianji/PC-test/gait_control_ws/install/gait_control_system/lib/gait_control_system/last3_optimized
